// Vitest Snapshot v1, https://vitest.dev/guide/snapshot.html

exports[`CreateTaskModal > Снапшот 1`] = `<div />`;
